
*** Running vivado
    with args -log block_blast_top.vdi -applog -m64 -product Vivado -messageDb vivado.pb -mode batch -source block_blast_top.tcl -notrace



****** Vivado v2025.2 (64-bit)
  **** SW Build 6299465 on Fri Nov 14 19:35:11 GMT 2025
  **** IP Build 6300035 on Fri Nov 14 10:48:45 MST 2025
  **** SharedData Build 6298862 on Thu Nov 13 04:50:51 MST 2025
  **** Start of session at: Tue Apr 28 12:36:23 2026
    ** Copyright 1986-2022 Xilinx, Inc. All Rights Reserved.
    ** Copyright 2022-2025 Advanced Micro Devices, Inc. All Rights Reserved.

source block_blast_top.tcl -notrace
create_project: Time (s): cpu = 00:00:13 ; elapsed = 00:00:09 . Memory (MB): peak = 526.883 ; gain = 221.465
Command: link_design -top block_blast_top -part xc7a100tcsg324-1
Design is defaulting to srcset: sources_1
Design is defaulting to constrset: constrs_1
INFO: [Device 21-403] Loading part xc7a100tcsg324-1
Netlist sorting complete. Time (s): cpu = 00:00:00 ; elapsed = 00:00:00.024 . Memory (MB): peak = 757.816 ; gain = 0.000
INFO: [Netlist 29-17] Analyzing 315 Unisim elements for replacement
INFO: [Netlist 29-28] Unisim Transformation completed in 0 CPU seconds
INFO: [Project 1-479] Netlist was created with Vivado 2025.2
INFO: [Project 1-570] Preparing netlist for logic optimization
Parsing XDC File [C:/Users/aleen/block_blast_game_final/block_blast_game_final.srcs/constrs_1/imports/Downloads/block_blast_nexys_a7.xdc]
Finished Parsing XDC File [C:/Users/aleen/block_blast_game_final/block_blast_game_final.srcs/constrs_1/imports/Downloads/block_blast_nexys_a7.xdc]
INFO: [Opt 31-138] Pushed 0 inverter(s) to 0 load pin(s).
Netlist sorting complete. Time (s): cpu = 00:00:00 ; elapsed = 00:00:00.001 . Memory (MB): peak = 893.148 ; gain = 0.000
INFO: [Project 1-111] Unisim Transformation Summary:
No Unisim elements were transformed.

7 Infos, 0 Warnings, 0 Critical Warnings and 0 Errors encountered.
link_design completed successfully
link_design: Time (s): cpu = 00:00:06 ; elapsed = 00:00:07 . Memory (MB): peak = 898.184 ; gain = 371.301
Command: opt_design
Attempting to get a license for feature 'Implementation' and/or device 'xc7a100t'
INFO: [Common 17-349] Got license for feature 'Implementation' and/or device 'xc7a100t'
Running DRC as a precondition to command opt_design

Starting DRC Task
INFO: [DRC 23-27] Running DRC with 2 threads
INFO: [Project 1-461] DRC finished with 0 Errors
INFO: [Project 1-462] Please refer to the DRC report (report_drc) for more information.

Time (s): cpu = 00:00:01 ; elapsed = 00:00:00.919 . Memory (MB): peak = 925.145 ; gain = 26.961

Starting Cache Timing Information Task
INFO: [Timing 38-35] Done setting XDC timing constraints.
INFO: [Timing 38-2] Deriving generated clocks
Ending Cache Timing Information Task | Checksum: 2a100afe5

Time (s): cpu = 00:00:07 ; elapsed = 00:00:08 . Memory (MB): peak = 1477.938 ; gain = 552.793

Starting Logic Optimization Task

Phase 1 Initialization

Phase 1.1 Core Generation And Design Setup
Phase 1.1 Core Generation And Design Setup | Checksum: 2a100afe5

Time (s): cpu = 00:00:00 ; elapsed = 00:00:00.005 . Memory (MB): peak = 1938.617 ; gain = 0.000

Phase 1.2 Setup Constraints And Sort Netlist
Phase 1.2 Setup Constraints And Sort Netlist | Checksum: 2a100afe5

Time (s): cpu = 00:00:00 ; elapsed = 00:00:00.010 . Memory (MB): peak = 1938.617 ; gain = 0.000
Phase 1 Initialization | Checksum: 2a100afe5

Time (s): cpu = 00:00:00 ; elapsed = 00:00:00.013 . Memory (MB): peak = 1938.617 ; gain = 0.000

Phase 2 Timer Update And Timing Data Collection

Phase 2.1 Detect if minReqCache needed
Phase 2.1 Detect if minReqCache needed | Checksum: 2a100afe5

Time (s): cpu = 00:00:00 ; elapsed = 00:00:00.031 . Memory (MB): peak = 1938.664 ; gain = 0.047

Phase 2.2 Timer Update
Phase 2.2 Timer Update | Checksum: 2a100afe5

Time (s): cpu = 00:00:00 ; elapsed = 00:00:00.132 . Memory (MB): peak = 1938.664 ; gain = 0.047

Phase 2.3 Timing Data Collection
Phase 2.3 Timing Data Collection | Checksum: 2a100afe5

Time (s): cpu = 00:00:00 ; elapsed = 00:00:00.136 . Memory (MB): peak = 1938.664 ; gain = 0.047
Phase 2 Timer Update And Timing Data Collection | Checksum: 2a100afe5

Time (s): cpu = 00:00:00 ; elapsed = 00:00:00.137 . Memory (MB): peak = 1938.664 ; gain = 0.047

Phase 3 Retarget
INFO: [Opt 31-1851] Number of loadless carry chains removed were: 0
INFO: [Opt 31-1834] Total Chains To Be Transformed Were: 0 AND Number of Transformed insts Created are: 0
INFO: [Opt 31-1566] Pulled 12 inverters resulting in an inversion of 558 pins
INFO: [Opt 31-138] Pushed 0 inverter(s) to 0 load pin(s).
INFO: [Opt 31-49] Retargeted 0 cell(s).
Phase 3 Retarget | Checksum: 2ad885d68

Time (s): cpu = 00:00:00 ; elapsed = 00:00:00.320 . Memory (MB): peak = 1938.664 ; gain = 0.047
Retarget | Checksum: 2ad885d68
INFO: [Opt 31-389] Phase Retarget created 4 cells and removed 56 cells
INFO: [Opt 31-1021] In phase Retarget, 1 netlist objects are constrained preventing optimization. Please run opt_design with -debug_log to get more detail. 

Phase 4 Constant propagation
INFO: [Opt 31-138] Pushed 0 inverter(s) to 0 load pin(s).
Phase 4 Constant propagation | Checksum: 202314bce

Time (s): cpu = 00:00:00 ; elapsed = 00:00:00.362 . Memory (MB): peak = 1938.664 ; gain = 0.047
Constant propagation | Checksum: 202314bce
INFO: [Opt 31-389] Phase Constant propagation created 0 cells and removed 0 cells

Phase 5 Sweep
INFO: [Constraints 18-11670] Building netlist checker database with flags, 0x8
Done building netlist checker database: Time (s): cpu = 00:00:00 ; elapsed = 00:00:00.001 . Memory (MB): peak = 1938.664 ; gain = 0.000
Phase 5 Sweep | Checksum: 2bba3a2ff

Time (s): cpu = 00:00:00 ; elapsed = 00:00:00.418 . Memory (MB): peak = 1938.664 ; gain = 0.047
Sweep | Checksum: 2bba3a2ff
INFO: [Opt 31-389] Phase Sweep created 8 cells and removed 0 cells

Phase 6 BUFG optimization
Phase 6 BUFG optimization | Checksum: 2bba3a2ff

Time (s): cpu = 00:00:01 ; elapsed = 00:00:00.468 . Memory (MB): peak = 1938.664 ; gain = 0.047
BUFG optimization | Checksum: 2bba3a2ff
INFO: [Opt 31-662] Phase BUFG optimization created 0 cells of which 0 are BUFGs and removed 0 cells.

Phase 7 Shift Register Optimization
INFO: [Opt 31-1064] SRL Remap converted 0 SRLs to 0 registers and converted 0 registers of register chains to 0 SRLs
Phase 7 Shift Register Optimization | Checksum: 2bba3a2ff

Time (s): cpu = 00:00:01 ; elapsed = 00:00:00.480 . Memory (MB): peak = 1938.664 ; gain = 0.047
Shift Register Optimization | Checksum: 2bba3a2ff
INFO: [Opt 31-389] Phase Shift Register Optimization created 0 cells and removed 0 cells

Phase 8 Post Processing Netlist
Phase 8 Post Processing Netlist | Checksum: 236c5403a

Time (s): cpu = 00:00:01 ; elapsed = 00:00:00.492 . Memory (MB): peak = 1938.664 ; gain = 0.047
Post Processing Netlist | Checksum: 236c5403a
INFO: [Opt 31-389] Phase Post Processing Netlist created 0 cells and removed 0 cells

Phase 9 Finalization

Phase 9.1 Finalizing Design Cores and Updating Shapes
Phase 9.1 Finalizing Design Cores and Updating Shapes | Checksum: 2268a0fff

Time (s): cpu = 00:00:01 ; elapsed = 00:00:00.639 . Memory (MB): peak = 1938.664 ; gain = 0.047

Phase 9.2 Verifying Netlist Connectivity

Starting Connectivity Check Task

Time (s): cpu = 00:00:00 ; elapsed = 00:00:00.018 . Memory (MB): peak = 1938.664 ; gain = 0.000
Phase 9.2 Verifying Netlist Connectivity | Checksum: 2268a0fff

Time (s): cpu = 00:00:01 ; elapsed = 00:00:00.660 . Memory (MB): peak = 1938.664 ; gain = 0.047
Phase 9 Finalization | Checksum: 2268a0fff

Time (s): cpu = 00:00:01 ; elapsed = 00:00:00.662 . Memory (MB): peak = 1938.664 ; gain = 0.047
Opt_design Change Summary
=========================


-------------------------------------------------------------------------------------------------------------------------
|  Phase                        |  #Cells created  |  #Cells Removed  |  #Constrained objects preventing optimizations  |
-------------------------------------------------------------------------------------------------------------------------
|  Retarget                     |               4  |              56  |                                              1  |
|  Constant propagation         |               0  |               0  |                                              0  |
|  Sweep                        |               8  |               0  |                                              0  |
|  BUFG optimization            |               0  |               0  |                                              0  |
|  Shift Register Optimization  |               0  |               0  |                                              0  |
|  Post Processing Netlist      |               0  |               0  |                                              0  |
-------------------------------------------------------------------------------------------------------------------------


Ending Logic Optimization Task | Checksum: 2268a0fff

Time (s): cpu = 00:00:01 ; elapsed = 00:00:00.666 . Memory (MB): peak = 1938.664 ; gain = 0.047

Starting Power Optimization Task
INFO: [Pwropt 34-132] Skipping clock gating for clocks with a period < 2.00 ns.
Ending Power Optimization Task | Checksum: 2268a0fff

Time (s): cpu = 00:00:00 ; elapsed = 00:00:00.023 . Memory (MB): peak = 1938.664 ; gain = 0.000

Starting Final Cleanup Task
Ending Final Cleanup Task | Checksum: 2268a0fff

Time (s): cpu = 00:00:00 ; elapsed = 00:00:00.002 . Memory (MB): peak = 1938.664 ; gain = 0.000
Netlist sorting complete. Time (s): cpu = 00:00:00 ; elapsed = 00:00:00.001 . Memory (MB): peak = 1938.664 ; gain = 0.000
INFO: [Common 17-83] Releasing license: Implementation
30 Infos, 0 Warnings, 0 Critical Warnings and 0 Errors encountered.
opt_design completed successfully
opt_design: Time (s): cpu = 00:00:13 ; elapsed = 00:00:14 . Memory (MB): peak = 1938.664 ; gain = 1040.480
INFO: [Vivado 12-24828] Executing command : report_drc -file block_blast_top_drc_opted.rpt -pb block_blast_top_drc_opted.pb -rpx block_blast_top_drc_opted.rpx
Command: report_drc -file block_blast_top_drc_opted.rpt -pb block_blast_top_drc_opted.pb -rpx block_blast_top_drc_opted.rpx
INFO: [IP_Flow 19-234] Refreshing IP repositories
INFO: [IP_Flow 19-1704] No user IP repositories specified
INFO: [IP_Flow 19-2313] Loaded Vivado IP repository 'C:/AMDDesignTools/2025.2/Vivado/data/ip'.
INFO: [DRC 23-27] Running DRC with 2 threads
INFO: [Vivado_Tcl 2-168] The results of DRC are in file C:/Users/aleen/block_blast_game_final/block_blast_game_final.runs/impl_1/block_blast_top_drc_opted.rpt.
report_drc completed successfully
INFO: [Timing 38-480] Writing timing data to binary archive.
Wrote PlaceDB: Time (s): cpu = 00:00:00 ; elapsed = 00:00:00 . Memory (MB): peak = 1938.664 ; gain = 0.000
Wrote PulsedLatchDB: Time (s): cpu = 00:00:00 ; elapsed = 00:00:00.004 . Memory (MB): peak = 1938.664 ; gain = 0.000
Writing XDEF routing.
Write ShapeDB Complete: Time (s): cpu = 00:00:00 ; elapsed = 00:00:00.021 . Memory (MB): peak = 1938.664 ; gain = 0.000
Writing XDEF routing logical nets.
Writing XDEF routing special nets.
Wrote RouteStorage: Time (s): cpu = 00:00:00 ; elapsed = 00:00:00.023 . Memory (MB): peak = 1938.664 ; gain = 0.000
Wrote PlaceStorage: Time (s): cpu = 00:00:00 ; elapsed = 00:00:00.002 . Memory (MB): peak = 1938.664 ; gain = 0.000
Wrote Netlist Cache: Time (s): cpu = 00:00:00 ; elapsed = 00:00:00 . Memory (MB): peak = 1938.664 ; gain = 0.000
Wrote Device Cache: Time (s): cpu = 00:00:00 ; elapsed = 00:00:00.007 . Memory (MB): peak = 1938.664 ; gain = 0.000
Write Physdb Complete: Time (s): cpu = 00:00:00 ; elapsed = 00:00:00.047 . Memory (MB): peak = 1938.664 ; gain = 0.000
INFO: [Common 17-1381] The checkpoint 'C:/Users/aleen/block_blast_game_final/block_blast_game_final.runs/impl_1/block_blast_top_opt.dcp' has been generated.
Command: place_design
Attempting to get a license for feature 'Implementation' and/or device 'xc7a100t'
INFO: [Common 17-349] Got license for feature 'Implementation' and/or device 'xc7a100t'
INFO: [Common 17-83] Releasing license: Implementation
INFO: [DRC 23-27] Running DRC with 2 threads
INFO: [Vivado_Tcl 4-198] DRC finished with 0 Errors
INFO: [Vivado_Tcl 4-199] Please refer to the DRC report (report_drc) for more information.
INFO: [Timing 38-35] Done setting XDC timing constraints.
Running DRC as a precondition to command place_design
INFO: [DRC 23-27] Running DRC with 2 threads
INFO: [Vivado_Tcl 4-198] DRC finished with 0 Errors
INFO: [Vivado_Tcl 4-199] Please refer to the DRC report (report_drc) for more information.
INFO: [Place 30-611] Multithreading enabled for place_design using a maximum of 2 CPUs

Starting Placer Task

Phase 1 Placer Initialization

Phase 1.1 Placer Initialization Netlist Sorting
Netlist sorting complete. Time (s): cpu = 00:00:00 ; elapsed = 00:00:00.002 . Memory (MB): peak = 1938.664 ; gain = 0.000
Phase 1.1 Placer Initialization Netlist Sorting | Checksum: 1c25c1d51

Time (s): cpu = 00:00:00 ; elapsed = 00:00:00.012 . Memory (MB): peak = 1938.664 ; gain = 0.000
Netlist sorting complete. Time (s): cpu = 00:00:00 ; elapsed = 00:00:00.001 . Memory (MB): peak = 1938.664 ; gain = 0.000

Phase 1.2 IO Placement/ Clock Placement/ Build Placer Device
Phase 1.2 IO Placement/ Clock Placement/ Build Placer Device | Checksum: 18cf8cd91

Time (s): cpu = 00:00:00 ; elapsed = 00:00:00.353 . Memory (MB): peak = 1938.664 ; gain = 0.000

Phase 1.3 Build Placer Netlist Model
Phase 1.3 Build Placer Netlist Model | Checksum: 1d0089845

Time (s): cpu = 00:00:02 ; elapsed = 00:00:01 . Memory (MB): peak = 1938.664 ; gain = 0.000

Phase 1.4 Constrain Clocks/Macros
Phase 1.4 Constrain Clocks/Macros | Checksum: 1d0089845

Time (s): cpu = 00:00:02 ; elapsed = 00:00:01 . Memory (MB): peak = 1938.664 ; gain = 0.000
Phase 1 Placer Initialization | Checksum: 1d0089845

Time (s): cpu = 00:00:02 ; elapsed = 00:00:01 . Memory (MB): peak = 1938.664 ; gain = 0.000

Phase 2 Global Placement

Phase 2.1 Floorplanning

Phase 2.1.1 Partition Driven Placement

Phase 2.1.1.1 PBP: Partition Driven Placement
Phase 2.1.1.1 PBP: Partition Driven Placement | Checksum: 1f4c746f8

Time (s): cpu = 00:00:03 ; elapsed = 00:00:02 . Memory (MB): peak = 1938.664 ; gain = 0.000

Phase 2.1.1.2 PBP: Clock Region Placement
Phase 2.1.1.2 PBP: Clock Region Placement | Checksum: 21019c5b4

Time (s): cpu = 00:00:03 ; elapsed = 00:00:02 . Memory (MB): peak = 1938.664 ; gain = 0.000

Phase 2.1.1.3 PBP: Compute Congestion
Phase 2.1.1.3 PBP: Compute Congestion | Checksum: 21019c5b4

Time (s): cpu = 00:00:04 ; elapsed = 00:00:02 . Memory (MB): peak = 1938.664 ; gain = 0.000

Phase 2.1.1.4 PBP: UpdateTiming
Phase 2.1.1.4 PBP: UpdateTiming | Checksum: 198ec2c17

Time (s): cpu = 00:00:04 ; elapsed = 00:00:03 . Memory (MB): peak = 1938.664 ; gain = 0.000

Phase 2.1.1.5 PBP: Add part constraints
Phase 2.1.1.5 PBP: Add part constraints | Checksum: 198ec2c17

Time (s): cpu = 00:00:04 ; elapsed = 00:00:03 . Memory (MB): peak = 1938.664 ; gain = 0.000
Phase 2.1.1 Partition Driven Placement | Checksum: 198ec2c17

Time (s): cpu = 00:00:04 ; elapsed = 00:00:03 . Memory (MB): peak = 1938.664 ; gain = 0.000
Phase 2.1 Floorplanning | Checksum: 2822426c0

Time (s): cpu = 00:00:04 ; elapsed = 00:00:03 . Memory (MB): peak = 1938.664 ; gain = 0.000

Phase 2.2 Update Timing before SLR Path Opt
Phase 2.2 Update Timing before SLR Path Opt | Checksum: 2822426c0

Time (s): cpu = 00:00:04 ; elapsed = 00:00:03 . Memory (MB): peak = 1938.664 ; gain = 0.000

Phase 2.3 Post-Processing in Floorplanning
Phase 2.3 Post-Processing in Floorplanning | Checksum: 2822426c0

Time (s): cpu = 00:00:04 ; elapsed = 00:00:03 . Memory (MB): peak = 1938.664 ; gain = 0.000

Phase 2.4 Global Place Phase1
Phase 2.4 Global Place Phase1 | Checksum: 20d0e4abb

Time (s): cpu = 00:00:10 ; elapsed = 00:00:06 . Memory (MB): peak = 1938.664 ; gain = 0.000

Phase 2.5 Global Place Phase2

Phase 2.5.1 UpdateTiming Before Physical Synthesis
Phase 2.5.1 UpdateTiming Before Physical Synthesis | Checksum: 1a2b89df4

Time (s): cpu = 00:00:11 ; elapsed = 00:00:07 . Memory (MB): peak = 1938.664 ; gain = 0.000

Phase 2.5.2 Physical Synthesis In Placer
INFO: [Physopt 32-1035] Found 10 LUTNM shape to break, 41 LUT instances to create LUTNM shape
INFO: [Physopt 32-1044] Break lutnm for timing: one critical 5, two critical 5, total 10, new lutff created 0
INFO: [Physopt 32-1138] End 1 Pass. Optimized 26 nets or LUTs. Breaked 10 LUTs, combined 16 existing LUTs and moved 0 existing LUT
INFO: [Physopt 32-65] No nets found for high-fanout optimization.
INFO: [Physopt 32-232] Optimized 0 net. Created 0 new instance.
INFO: [Physopt 32-775] End 1 Pass. Optimized 0 net or cell. Created 0 new cell, deleted 0 existing cell and moved 0 existing cell
INFO: [Physopt 32-456] No candidate cells for DSP register optimization found in the design.
INFO: [Physopt 32-775] End 2 Pass. Optimized 0 net or cell. Created 0 new cell, deleted 0 existing cell and moved 0 existing cell
INFO: [Physopt 32-1123] No candidate cells found for Shift Register to Pipeline optimization
INFO: [Physopt 32-775] End 2 Pass. Optimized 0 net or cell. Created 0 new cell, deleted 0 existing cell and moved 0 existing cell
INFO: [Physopt 32-1401] No candidate cells found for Shift Register optimization.
INFO: [Physopt 32-677] No candidate cells for Shift Register optimization found in the design
INFO: [Physopt 32-775] End 1 Pass. Optimized 0 net or cell. Created 0 new cell, deleted 0 existing cell and moved 0 existing cell
INFO: [Physopt 32-526] No candidate cells for BRAM register optimization found in the design
INFO: [Physopt 32-775] End 1 Pass. Optimized 0 net or cell. Created 0 new cell, deleted 0 existing cell and moved 0 existing cell
INFO: [Physopt 32-846] No candidate cells for URAM register optimization found in the design
INFO: [Physopt 32-775] End 1 Pass. Optimized 0 net or cell. Created 0 new cell, deleted 0 existing cell and moved 0 existing cell
INFO: [Physopt 32-846] No candidate cells for URAM register optimization found in the design
INFO: [Physopt 32-775] End 1 Pass. Optimized 0 net or cell. Created 0 new cell, deleted 0 existing cell and moved 0 existing cell
INFO: [Physopt 32-949] No candidate nets found for dynamic/static region interface net replication
INFO: [Physopt 32-775] End 1 Pass. Optimized 0 net or cell. Created 0 new cell, deleted 0 existing cell and moved 0 existing cell
Netlist sorting complete. Time (s): cpu = 00:00:00 ; elapsed = 00:00:00.002 . Memory (MB): peak = 1938.664 ; gain = 0.000

Summary of Physical Synthesis Optimizations
============================================


-----------------------------------------------------------------------------------------------------------------------------------------------------------
|  Optimization                                     |  Added Cells  |  Removed Cells  |  Optimized Cells/Nets  |  Dont Touch  |  Iterations  |  Elapsed   |
-----------------------------------------------------------------------------------------------------------------------------------------------------------
|  LUT Combining                                    |           10  |             16  |                    26  |           0  |           1  |  00:00:00  |
|  Retime                                           |            0  |              0  |                     0  |           0  |           1  |  00:00:00  |
|  Very High Fanout                                 |            0  |              0  |                     0  |           0  |           1  |  00:00:00  |
|  DSP Register                                     |            0  |              0  |                     0  |           0  |           1  |  00:00:00  |
|  Shift Register to Pipeline                       |            0  |              0  |                     0  |           0  |           1  |  00:00:00  |
|  Shift Register                                   |            0  |              0  |                     0  |           0  |           1  |  00:00:00  |
|  BRAM Register                                    |            0  |              0  |                     0  |           0  |           1  |  00:00:00  |
|  URAM Register                                    |            0  |              0  |                     0  |           0  |           1  |  00:00:00  |
|  Dynamic/Static Region Interface Net Replication  |            0  |              0  |                     0  |           0  |           1  |  00:00:00  |
|  Total                                            |           10  |             16  |                    26  |           0  |           9  |  00:00:00  |
-----------------------------------------------------------------------------------------------------------------------------------------------------------


Phase 2.5.2 Physical Synthesis In Placer | Checksum: 24d26557e

Time (s): cpu = 00:00:12 ; elapsed = 00:00:08 . Memory (MB): peak = 1938.664 ; gain = 0.000
Phase 2.5 Global Place Phase2 | Checksum: 1c7556e24

Time (s): cpu = 00:00:12 ; elapsed = 00:00:08 . Memory (MB): peak = 1938.664 ; gain = 0.000
Phase 2 Global Placement | Checksum: 1c7556e24

Time (s): cpu = 00:00:12 ; elapsed = 00:00:08 . Memory (MB): peak = 1938.664 ; gain = 0.000

Phase 3 Detail Placement

Phase 3.1 Commit Multi Column Macros
Phase 3.1 Commit Multi Column Macros | Checksum: 1d349b95a

Time (s): cpu = 00:00:13 ; elapsed = 00:00:08 . Memory (MB): peak = 1938.664 ; gain = 0.000

Phase 3.2 Commit Most Macros & LUTRAMs
Phase 3.2 Commit Most Macros & LUTRAMs | Checksum: 201319d8b

Time (s): cpu = 00:00:14 ; elapsed = 00:00:09 . Memory (MB): peak = 1938.664 ; gain = 0.000

Phase 3.3 Area Swap Optimization
Phase 3.3 Area Swap Optimization | Checksum: 1eca67dfe

Time (s): cpu = 00:00:14 ; elapsed = 00:00:09 . Memory (MB): peak = 1938.664 ; gain = 0.000

Phase 3.4 Pipeline Register Optimization
Phase 3.4 Pipeline Register Optimization | Checksum: 24797332c

Time (s): cpu = 00:00:14 ; elapsed = 00:00:09 . Memory (MB): peak = 1938.664 ; gain = 0.000

Phase 3.5 Fast Optimization
Phase 3.5 Fast Optimization | Checksum: 251591882

Time (s): cpu = 00:00:17 ; elapsed = 00:00:11 . Memory (MB): peak = 1938.664 ; gain = 0.000

Phase 3.6 Small Shape Detail Placement
Phase 3.6 Small Shape Detail Placement | Checksum: 20756fc4a

Time (s): cpu = 00:00:18 ; elapsed = 00:00:13 . Memory (MB): peak = 1938.664 ; gain = 0.000

Phase 3.7 Re-assign LUT pins
Phase 3.7 Re-assign LUT pins | Checksum: 2a9f35434

Time (s): cpu = 00:00:19 ; elapsed = 00:00:14 . Memory (MB): peak = 1938.664 ; gain = 0.000

Phase 3.8 Pipeline Register Optimization
Phase 3.8 Pipeline Register Optimization | Checksum: 26398fbe9

Time (s): cpu = 00:00:19 ; elapsed = 00:00:14 . Memory (MB): peak = 1938.664 ; gain = 0.000

Phase 3.9 Fast Optimization
Phase 3.9 Fast Optimization | Checksum: 2fe534b0a

Time (s): cpu = 00:00:21 ; elapsed = 00:00:16 . Memory (MB): peak = 1938.664 ; gain = 0.000
Phase 3 Detail Placement | Checksum: 2fe534b0a

Time (s): cpu = 00:00:22 ; elapsed = 00:00:16 . Memory (MB): peak = 1938.664 ; gain = 0.000

Phase 4 Post Placement Optimization and Clean-Up

Phase 4.1 Post Commit Optimization
INFO: [Timing 38-35] Done setting XDC timing constraints.

Phase 4.1.1 Post Placement Optimization
Post Placement Optimization Initialization | Checksum: 2af0af4d7

Phase 4.1.1.1 BUFG Insertion

Starting Physical Synthesis Task

Phase 1 Physical Synthesis Initialization
INFO: [Physopt 32-721] Multithreading enabled for phys_opt_design using a maximum of 2 CPUs
INFO: [Physopt 32-619] Estimated Timing Summary | WNS=-2.196 | TNS=-18.744 |
Phase 1 Physical Synthesis Initialization | Checksum: 190adc0e2

Time (s): cpu = 00:00:00 ; elapsed = 00:00:00.083 . Memory (MB): peak = 1938.664 ; gain = 0.000
INFO: [Place 46-56] BUFG insertion identified 0 candidate nets. Inserted BUFG: 0, Replicated BUFG Driver: 0, Skipped due to Placement/Routing Conflicts: 0, Skipped due to Timing Degradation: 0, Skipped due to netlist editing failed: 0.
Ending Physical Synthesis Task | Checksum: 227227612

Time (s): cpu = 00:00:00 ; elapsed = 00:00:00.095 . Memory (MB): peak = 1938.664 ; gain = 0.000
Phase 4.1.1.1 BUFG Insertion | Checksum: 2af0af4d7

Time (s): cpu = 00:00:23 ; elapsed = 00:00:17 . Memory (MB): peak = 1938.664 ; gain = 0.000

Phase 4.1.1.2 Post Placement Timing Optimization
INFO: [Place 30-746] Post Placement Timing Summary WNS=-0.475. For the most accurate timing information please run report_timing.
Phase 4.1.1.2 Post Placement Timing Optimization | Checksum: 271caca5f

Time (s): cpu = 00:00:42 ; elapsed = 00:00:38 . Memory (MB): peak = 1938.664 ; gain = 0.000

Time (s): cpu = 00:00:42 ; elapsed = 00:00:38 . Memory (MB): peak = 1938.664 ; gain = 0.000
Phase 4.1 Post Commit Optimization | Checksum: 271caca5f

Time (s): cpu = 00:00:42 ; elapsed = 00:00:38 . Memory (MB): peak = 1938.664 ; gain = 0.000

Phase 4.2 Post Placement Cleanup
Phase 4.2 Post Placement Cleanup | Checksum: 271caca5f

Time (s): cpu = 00:00:42 ; elapsed = 00:00:38 . Memory (MB): peak = 1938.664 ; gain = 0.000

Phase 4.3 Placer Reporting

Phase 4.3.1 Print Estimated Congestion
INFO: [Place 30-612] Post-Placement Estimated Congestion 
 ____________________________________________________
|           | Global Congestion | Short Congestion  |
| Direction | Region Size       | Region Size       |
|___________|___________________|___________________|
|      North|                1x1|                1x1|
|___________|___________________|___________________|
|      South|                1x1|                2x2|
|___________|___________________|___________________|
|       East|                1x1|                1x1|
|___________|___________________|___________________|
|       West|                1x1|                1x1|
|___________|___________________|___________________|

Phase 4.3.1 Print Estimated Congestion | Checksum: 271caca5f

Time (s): cpu = 00:00:42 ; elapsed = 00:00:38 . Memory (MB): peak = 1938.664 ; gain = 0.000
Phase 4.3 Placer Reporting | Checksum: 271caca5f

Time (s): cpu = 00:00:42 ; elapsed = 00:00:38 . Memory (MB): peak = 1938.664 ; gain = 0.000

Phase 4.4 Final Placement Cleanup
Netlist sorting complete. Time (s): cpu = 00:00:00 ; elapsed = 00:00:00.001 . Memory (MB): peak = 1938.664 ; gain = 0.000

Time (s): cpu = 00:00:42 ; elapsed = 00:00:38 . Memory (MB): peak = 1938.664 ; gain = 0.000
Phase 4 Post Placement Optimization and Clean-Up | Checksum: 23b1cef90

Time (s): cpu = 00:00:42 ; elapsed = 00:00:38 . Memory (MB): peak = 1938.664 ; gain = 0.000
Ending Placer Task | Checksum: 1667d8524

Time (s): cpu = 00:00:42 ; elapsed = 00:00:38 . Memory (MB): peak = 1938.664 ; gain = 0.000
75 Infos, 0 Warnings, 0 Critical Warnings and 0 Errors encountered.
place_design completed successfully
place_design: Time (s): cpu = 00:00:44 ; elapsed = 00:00:39 . Memory (MB): peak = 1938.664 ; gain = 0.000
INFO: [Vivado 12-24838] Running report commands "report_control_sets, report_io, report_utilization" in parallel.
Running report generation with 2 threads.
INFO: [Vivado 12-24828] Executing command : report_utilization -file block_blast_top_utilization_placed.rpt -pb block_blast_top_utilization_placed.pb
INFO: [Vivado 12-24828] Executing command : report_control_sets -verbose -file block_blast_top_control_sets_placed.rpt
report_control_sets: Time (s): cpu = 00:00:00 ; elapsed = 00:00:00.009 . Memory (MB): peak = 1938.664 ; gain = 0.000
INFO: [Vivado 12-24828] Executing command : report_io -file block_blast_top_io_placed.rpt
report_io: Time (s): cpu = 00:00:01 ; elapsed = 00:00:00.141 . Memory (MB): peak = 1938.664 ; gain = 0.000
Wrote PlaceDB: Time (s): cpu = 00:00:00 ; elapsed = 00:00:00 . Memory (MB): peak = 1938.664 ; gain = 0.000
INFO: [Timing 38-480] Writing timing data to binary archive.
Wrote PulsedLatchDB: Time (s): cpu = 00:00:00 ; elapsed = 00:00:00 . Memory (MB): peak = 1938.664 ; gain = 0.000
Write ShapeDB Complete: Time (s): cpu = 00:00:00 ; elapsed = 00:00:00.012 . Memory (MB): peak = 1938.664 ; gain = 0.000
Writing XDEF routing.
Writing XDEF routing logical nets.
Writing XDEF routing special nets.
Wrote RouteStorage: Time (s): cpu = 00:00:00 ; elapsed = 00:00:00.025 . Memory (MB): peak = 1938.664 ; gain = 0.000
Wrote PlaceStorage: Time (s): cpu = 00:00:00 ; elapsed = 00:00:00.161 . Memory (MB): peak = 1938.664 ; gain = 0.000
Wrote Netlist Cache: Time (s): cpu = 00:00:00 ; elapsed = 00:00:00.005 . Memory (MB): peak = 1938.664 ; gain = 0.000
Wrote Device Cache: Time (s): cpu = 00:00:00 ; elapsed = 00:00:00.006 . Memory (MB): peak = 1938.664 ; gain = 0.000
Write Physdb Complete: Time (s): cpu = 00:00:00 ; elapsed = 00:00:00.216 . Memory (MB): peak = 1938.664 ; gain = 0.000
INFO: [Common 17-1381] The checkpoint 'C:/Users/aleen/block_blast_game_final/block_blast_game_final.runs/impl_1/block_blast_top_placed.dcp' has been generated.
Command: phys_opt_design
Attempting to get a license for feature 'Implementation' and/or device 'xc7a100t'
INFO: [Common 17-349] Got license for feature 'Implementation' and/or device 'xc7a100t'

Starting Initial Update Timing Task

Time (s): cpu = 00:00:01 ; elapsed = 00:00:00.546 . Memory (MB): peak = 1938.664 ; gain = 0.000
INFO: [Vivado_Tcl 4-1435] PhysOpt_Tcl_Interface Runtime Before Starting Physical Synthesis Task | CPU: 2.00s |  WALL: 0.61s
Netlist sorting complete. Time (s): cpu = 00:00:00 ; elapsed = 00:00:00.001 . Memory (MB): peak = 1938.664 ; gain = 0.000

Starting Physical Synthesis Task

Phase 1 Physical Synthesis Initialization
INFO: [Physopt 32-721] Multithreading enabled for phys_opt_design using a maximum of 2 CPUs
INFO: [Physopt 32-619] Estimated Timing Summary | WNS=-0.482 | TNS=-2.447 |
Phase 1 Physical Synthesis Initialization | Checksum: 16fcfe4be

Time (s): cpu = 00:00:01 ; elapsed = 00:00:00.322 . Memory (MB): peak = 1938.664 ; gain = 0.000
INFO: [Physopt 32-619] Estimated Timing Summary | WNS=-0.482 | TNS=-2.447 |

Phase 2 DSP Register Optimization
INFO: [Physopt 32-456] No candidate cells for DSP register optimization found in the design.
INFO: [Physopt 32-775] End 2 Pass. Optimized 0 net or cell. Created 0 new cell, deleted 0 existing cell and moved 0 existing cell
Phase 2 DSP Register Optimization | Checksum: 16fcfe4be

Time (s): cpu = 00:00:01 ; elapsed = 00:00:00.340 . Memory (MB): peak = 1938.664 ; gain = 0.000

Phase 3 Critical Path Optimization
INFO: [Physopt 32-619] Estimated Timing Summary | WNS=-0.482 | TNS=-2.447 |
INFO: [Physopt 32-663] Processed net U_VGA/blue_out_reg_lopt_replica_3_1.  Re-placed instance U_VGA/blue_out_reg_lopt_replica_3
INFO: [Physopt 32-735] Processed net U_VGA/blue_out_reg_lopt_replica_3_1. Optimization improves timing on the net.
INFO: [Physopt 32-619] Estimated Timing Summary | WNS=-0.475 | TNS=-2.384 |
INFO: [Physopt 32-663] Processed net U_VGA/blue_out_reg_lopt_replica_2_1.  Re-placed instance U_VGA/blue_out_reg_lopt_replica_2
INFO: [Physopt 32-735] Processed net U_VGA/blue_out_reg_lopt_replica_2_1. Optimization improves timing on the net.
INFO: [Physopt 32-619] Estimated Timing Summary | WNS=-0.461 | TNS=-2.370 |
INFO: [Physopt 32-702] Processed net U_VGA/blue_out_reg_lopt_replica_2_1. Optimizations did not improve timing on the net.
INFO: [Physopt 32-702] Processed net U_CLK/U0/clk_out1_clk_wiz_0. Optimizations did not improve timing on the net.
INFO: [Physopt 32-710] Processed net U_VGA/blue_to_vga. Critical path length was reduced through logic transformation on cell U_VGA/blue_out_i_1_comp.
INFO: [Physopt 32-735] Processed net U_GAME/piece_type_reg[0]_0. Optimization improves timing on the net.
INFO: [Physopt 32-619] Estimated Timing Summary | WNS=-0.347 | TNS=-1.176 |
INFO: [Physopt 32-663] Processed net U_VGA/green_out_reg_lopt_replica_2_1.  Re-placed instance U_VGA/green_out_reg_lopt_replica_2
INFO: [Physopt 32-735] Processed net U_VGA/green_out_reg_lopt_replica_2_1. Optimization improves timing on the net.
INFO: [Physopt 32-619] Estimated Timing Summary | WNS=-0.324 | TNS=-1.039 |
INFO: [Physopt 32-702] Processed net U_VGA/green_out_reg_lopt_replica_3_1. Optimizations did not improve timing on the net.
INFO: [Physopt 32-710] Processed net U_VGA/green_to_vga. Critical path length was reduced through logic transformation on cell U_VGA/green_out_i_1_comp.
INFO: [Physopt 32-735] Processed net U_GAME/piece_type_reg[0]_1. Optimization improves timing on the net.
INFO: [Physopt 32-619] Estimated Timing Summary | WNS=-0.063 | TNS=-0.183 |
INFO: [Physopt 32-710] Processed net U_VGA/blue_to_vga. Critical path length was reduced through logic transformation on cell U_VGA/blue_out_i_1_comp_1.
INFO: [Physopt 32-735] Processed net U_GAME/red_out[1]_i_26_n_0. Optimization improves timing on the net.
INFO: [Physopt 32-619] Estimated Timing Summary | WNS=-0.026 | TNS=-0.027 |
INFO: [Physopt 32-663] Processed net U_VGA/VGA_R_OBUF[1].  Re-placed instance U_VGA/red_out_reg[1]
INFO: [Physopt 32-735] Processed net U_VGA/VGA_R_OBUF[1]. Optimization improves timing on the net.
INFO: [Physopt 32-619] Estimated Timing Summary | WNS=-0.011 | TNS=-0.012 |
INFO: [Physopt 32-702] Processed net U_VGA/VGA_R_OBUF[1]. Optimizations did not improve timing on the net.
INFO: [Physopt 32-710] Processed net U_GAME/red_to_vga[1]. Critical path length was reduced through logic transformation on cell U_GAME/red_out[1]_i_2_comp.
INFO: [Physopt 32-735] Processed net U_GAME/red_out[1]_i_10_n_0. Optimization improves timing on the net.
INFO: [Physopt 32-619] Estimated Timing Summary | WNS=-0.001 | TNS=-0.001 |
INFO: [Physopt 32-710] Processed net U_VGA/green_to_vga. Critical path length was reduced through logic transformation on cell U_VGA/green_out_i_1_comp_1.
INFO: [Physopt 32-735] Processed net U_GAME/red_out[1]_i_26_n_0. Optimization improves timing on the net.
INFO: [Physopt 32-619] Estimated Timing Summary | WNS=0.225 | TNS=0.000 |
INFO: [Physopt 32-619] Estimated Timing Summary | WNS=0.225 | TNS=0.000 |
Netlist sorting complete. Time (s): cpu = 00:00:00 ; elapsed = 00:00:00.021 . Memory (MB): peak = 1938.664 ; gain = 0.000
Phase 3 Critical Path Optimization | Checksum: 16fcfe4be

Time (s): cpu = 00:00:04 ; elapsed = 00:00:02 . Memory (MB): peak = 1938.664 ; gain = 0.000

Phase 4 Critical Path Optimization
INFO: [Physopt 32-619] Estimated Timing Summary | WNS=0.225 | TNS=0.000 |
INFO: [Physopt 32-619] Estimated Timing Summary | WNS=0.225 | TNS=0.000 |
Netlist sorting complete. Time (s): cpu = 00:00:00 ; elapsed = 00:00:00.001 . Memory (MB): peak = 1938.664 ; gain = 0.000
Phase 4 Critical Path Optimization | Checksum: 16fcfe4be

Time (s): cpu = 00:00:04 ; elapsed = 00:00:02 . Memory (MB): peak = 1938.664 ; gain = 0.000
Netlist sorting complete. Time (s): cpu = 00:00:00 ; elapsed = 00:00:00.001 . Memory (MB): peak = 1938.664 ; gain = 0.000
INFO: [Physopt 32-603] Post Physical Optimization Timing Summary | WNS=0.225 | TNS=0.000 |

Summary of Physical Synthesis Optimizations
============================================


-------------------------------------------------------------------------------------------------------------------------------------------------------------
|  Optimization   |  WNS Gain (ns)  |  TNS Gain (ns)  |  Added Cells  |  Removed Cells  |  Optimized Cells/Nets  |  Dont Touch  |  Iterations  |  Elapsed   |
-------------------------------------------------------------------------------------------------------------------------------------------------------------
|  DSP Register   |          0.000  |          0.000  |            0  |              0  |                     0  |           0  |           1  |  00:00:00  |
|  Critical Path  |          0.707  |          2.447  |            0  |              0  |                     9  |           0  |           2  |  00:00:02  |
|  Total          |          0.707  |          2.447  |            0  |              0  |                     9  |           0  |           3  |  00:00:02  |
-------------------------------------------------------------------------------------------------------------------------------------------------------------


Netlist sorting complete. Time (s): cpu = 00:00:00 ; elapsed = 00:00:00.001 . Memory (MB): peak = 1938.664 ; gain = 0.000
Ending Physical Synthesis Task | Checksum: 18173b02f

Time (s): cpu = 00:00:04 ; elapsed = 00:00:03 . Memory (MB): peak = 1938.664 ; gain = 0.000
INFO: [Common 17-83] Releasing license: Implementation
125 Infos, 0 Warnings, 0 Critical Warnings and 0 Errors encountered.
phys_opt_design completed successfully
INFO: [Timing 38-480] Writing timing data to binary archive.
Wrote PlaceDB: Time (s): cpu = 00:00:00 ; elapsed = 00:00:00 . Memory (MB): peak = 1938.664 ; gain = 0.000
Write ShapeDB Complete: Time (s): cpu = 00:00:00 ; elapsed = 00:00:00.012 . Memory (MB): peak = 1938.664 ; gain = 0.000
Wrote PulsedLatchDB: Time (s): cpu = 00:00:00 ; elapsed = 00:00:00 . Memory (MB): peak = 1938.664 ; gain = 0.000
Writing XDEF routing.
Writing XDEF routing logical nets.
Writing XDEF routing special nets.
Wrote RouteStorage: Time (s): cpu = 00:00:00 ; elapsed = 00:00:00.048 . Memory (MB): peak = 1938.664 ; gain = 0.000
Wrote PlaceStorage: Time (s): cpu = 00:00:01 ; elapsed = 00:00:00.170 . Memory (MB): peak = 1938.664 ; gain = 0.000
Wrote Netlist Cache: Time (s): cpu = 00:00:00 ; elapsed = 00:00:00.006 . Memory (MB): peak = 1938.664 ; gain = 0.000
Wrote Device Cache: Time (s): cpu = 00:00:00 ; elapsed = 00:00:00.007 . Memory (MB): peak = 1938.664 ; gain = 0.000
Write Physdb Complete: Time (s): cpu = 00:00:01 ; elapsed = 00:00:00.250 . Memory (MB): peak = 1938.664 ; gain = 0.000
INFO: [Common 17-1381] The checkpoint 'C:/Users/aleen/block_blast_game_final/block_blast_game_final.runs/impl_1/block_blast_top_physopt.dcp' has been generated.
Command: route_design
Attempting to get a license for feature 'Implementation' and/or device 'xc7a100t'
INFO: [Common 17-349] Got license for feature 'Implementation' and/or device 'xc7a100t'
INFO: [DRC 23-27] Running DRC with 2 threads
INFO: [Vivado_Tcl 4-198] DRC finished with 0 Errors
INFO: [Vivado_Tcl 4-199] Please refer to the DRC report (report_drc) for more information.


Starting Routing Task
INFO: [Route 35-254] Multithreading enabled for route_design using a maximum of 2 CPUs

Phase 1 Build RT Design
Checksum: PlaceDB: 86c02fef ConstDB: 0 ShapeSum: 199de67b RouteDB: b1d25f96
Post Restoration Checksum: NetGraph: 5d538b47 | NumContArr: 8ac685f2 | Constraints: c2a8fa9d | Timing: c2a8fa9d
Phase 1 Build RT Design | Checksum: 26d6c0673

Time (s): cpu = 00:00:37 ; elapsed = 00:00:35 . Memory (MB): peak = 1938.664 ; gain = 0.000

Phase 2 Router Initialization

Phase 2.1 Fix Topology Constraints
Phase 2.1 Fix Topology Constraints | Checksum: 26d6c0673

Time (s): cpu = 00:00:37 ; elapsed = 00:00:35 . Memory (MB): peak = 1938.664 ; gain = 0.000

Phase 2.2 Pre Route Cleanup
Phase 2.2 Pre Route Cleanup | Checksum: 26d6c0673

Time (s): cpu = 00:00:38 ; elapsed = 00:00:35 . Memory (MB): peak = 1938.664 ; gain = 0.000
 Number of Nodes with overlaps = 0

Phase 2.3 Update Timing
Phase 2.3 Update Timing | Checksum: 1f013a047

Time (s): cpu = 00:00:39 ; elapsed = 00:00:36 . Memory (MB): peak = 1938.664 ; gain = 0.000
INFO: [Route 35-416] Intermediate Timing Summary | WNS=0.856  | TNS=0.000  | WHS=-0.078 | THS=-10.256|


Phase 2.4 Soft Constraint Pins - Fast Budgeting
Phase 2.4 Soft Constraint Pins - Fast Budgeting | Checksum: 2aaf33127

Time (s): cpu = 00:00:40 ; elapsed = 00:00:36 . Memory (MB): peak = 1938.664 ; gain = 0.000

Router Utilization Summary
  Global Vertical Routing Utilization    = 0 %
  Global Horizontal Routing Utilization  = 0 %
  Routable Net Status*
  *Does not include unroutable nets such as driverless and loadless.
  Run report_route_status for detailed report.
  Number of Failed Nets               = 2605
    (Failed Nets is the sum of unrouted and partially routed nets)
  Number of Unrouted Nets             = 2605
  Number of Partially Routed Nets     = 0
  Number of Node Overlaps             = 0

Phase 2 Router Initialization | Checksum: 2aaf33127

Time (s): cpu = 00:00:40 ; elapsed = 00:00:37 . Memory (MB): peak = 1938.664 ; gain = 0.000

Phase 3 Global Routing
Phase 3 Global Routing | Checksum: 2aaf33127

Time (s): cpu = 00:00:40 ; elapsed = 00:00:37 . Memory (MB): peak = 1938.664 ; gain = 0.000

Phase 4 Initial Routing

Phase 4.1 Initial Net Routing Pass
Phase 4.1 Initial Net Routing Pass | Checksum: 154670d5e

Time (s): cpu = 00:00:41 ; elapsed = 00:00:37 . Memory (MB): peak = 1938.664 ; gain = 0.000
Phase 4 Initial Routing | Checksum: 154670d5e

Time (s): cpu = 00:00:41 ; elapsed = 00:00:37 . Memory (MB): peak = 1938.664 ; gain = 0.000

Phase 5 Rip-up And Reroute

Phase 5.1 Global Iteration 0
 Number of Nodes with overlaps = 1313
 Number of Nodes with overlaps = 559
 Number of Nodes with overlaps = 282
 Number of Nodes with overlaps = 104
 Number of Nodes with overlaps = 47
 Number of Nodes with overlaps = 17
 Number of Nodes with overlaps = 13
 Number of Nodes with overlaps = 5
 Number of Nodes with overlaps = 2
 Number of Nodes with overlaps = 0
INFO: [Route 35-416] Intermediate Timing Summary | WNS=-1.303 | TNS=-10.238| WHS=N/A    | THS=N/A    |

Phase 5.1 Global Iteration 0 | Checksum: 1d7ce5c45

Time (s): cpu = 00:00:56 ; elapsed = 00:00:47 . Memory (MB): peak = 1938.664 ; gain = 0.000

Phase 5.2 Global Iteration 1
 Number of Nodes with overlaps = 566
 Number of Nodes with overlaps = 271
 Number of Nodes with overlaps = 126
 Number of Nodes with overlaps = 46
 Number of Nodes with overlaps = 16
 Number of Nodes with overlaps = 7
 Number of Nodes with overlaps = 0
INFO: [Route 35-416] Intermediate Timing Summary | WNS=-1.034 | TNS=-7.111 | WHS=N/A    | THS=N/A    |

Phase 5.2 Global Iteration 1 | Checksum: 1f28a12a2

Time (s): cpu = 00:01:04 ; elapsed = 00:00:53 . Memory (MB): peak = 1938.664 ; gain = 0.000

Phase 5.3 Global Iteration 2
 Number of Nodes with overlaps = 480
 Number of Nodes with overlaps = 151
 Number of Nodes with overlaps = 42
 Number of Nodes with overlaps = 4
 Number of Nodes with overlaps = 1
 Number of Nodes with overlaps = 0
INFO: [Route 35-416] Intermediate Timing Summary | WNS=-0.828 | TNS=-5.608 | WHS=N/A    | THS=N/A    |

Phase 5.3 Global Iteration 2 | Checksum: 1df5849e4

Time (s): cpu = 00:01:11 ; elapsed = 00:00:58 . Memory (MB): peak = 1938.664 ; gain = 0.000

Phase 5.4 Global Iteration 3
 Number of Nodes with overlaps = 407
 Number of Nodes with overlaps = 227
 Number of Nodes with overlaps = 114
 Number of Nodes with overlaps = 17
 Number of Nodes with overlaps = 17
 Number of Nodes with overlaps = 9
 Number of Nodes with overlaps = 5
 Number of Nodes with overlaps = 3
 Number of Nodes with overlaps = 0
INFO: [Route 35-416] Intermediate Timing Summary | WNS=-0.984 | TNS=-7.797 | WHS=N/A    | THS=N/A    |

Phase 5.4 Global Iteration 3 | Checksum: 2491a932c

Time (s): cpu = 00:01:18 ; elapsed = 00:01:03 . Memory (MB): peak = 1938.664 ; gain = 0.000
Phase 5 Rip-up And Reroute | Checksum: 2491a932c

Time (s): cpu = 00:01:18 ; elapsed = 00:01:03 . Memory (MB): peak = 1938.664 ; gain = 0.000

Phase 6 Delay and Skew Optimization

Phase 6.1 Delay CleanUp

Phase 6.1.1 Update Timing
Phase 6.1.1 Update Timing | Checksum: 2438897f9

Time (s): cpu = 00:01:19 ; elapsed = 00:01:03 . Memory (MB): peak = 1938.664 ; gain = 0.000
INFO: [Route 35-416] Intermediate Timing Summary | WNS=-0.828 | TNS=-5.608 | WHS=N/A    | THS=N/A    |

 Number of Nodes with overlaps = 0
Phase 6.1 Delay CleanUp | Checksum: 2ad4decc9

Time (s): cpu = 00:01:19 ; elapsed = 00:01:03 . Memory (MB): peak = 1938.664 ; gain = 0.000

Phase 6.2 Clock Skew Optimization
Phase 6.2 Clock Skew Optimization | Checksum: 2ad4decc9

Time (s): cpu = 00:01:19 ; elapsed = 00:01:03 . Memory (MB): peak = 1938.664 ; gain = 0.000
Phase 6 Delay and Skew Optimization | Checksum: 2ad4decc9

Time (s): cpu = 00:01:19 ; elapsed = 00:01:03 . Memory (MB): peak = 1938.664 ; gain = 0.000

Phase 7 Post Hold Fix

Phase 7.1 Hold Fix Iter
INFO: [Route 35-416] Intermediate Timing Summary | WNS=-0.729 | TNS=-4.529 | WHS=0.106  | THS=0.000  |

Phase 7.1 Hold Fix Iter | Checksum: 2423a9fbb

Time (s): cpu = 00:01:19 ; elapsed = 00:01:04 . Memory (MB): peak = 1938.664 ; gain = 0.000
Phase 7 Post Hold Fix | Checksum: 2423a9fbb

Time (s): cpu = 00:01:19 ; elapsed = 00:01:04 . Memory (MB): peak = 1938.664 ; gain = 0.000

Phase 8 Route finalize

Router Utilization Summary
  Global Vertical Routing Utilization    = 0.679723 %
  Global Horizontal Routing Utilization  = 0.78474 %
  Routable Net Status*
  *Does not include unroutable nets such as driverless and loadless.
  Run report_route_status for detailed report.
  Number of Failed Nets               = 0
    (Failed Nets is the sum of unrouted and partially routed nets)
  Number of Unrouted Nets             = 0
  Number of Partially Routed Nets     = 0
  Number of Node Overlaps             = 0


--GLOBAL Congestion:
Utilization threshold used for congestion level computation: 0.85
Congestion Report
North Dir 1x1 Area, Max Cong = 63.964%, No Congested Regions.
South Dir 1x1 Area, Max Cong = 58.5586%, No Congested Regions.
East Dir 1x1 Area, Max Cong = 70.5882%, No Congested Regions.
West Dir 1x1 Area, Max Cong = 58.8235%, No Congested Regions.

------------------------------
Reporting congestion hotspots
------------------------------
Direction: North
----------------
Congested clusters found at Level 0
Effective congestion level: 0 Aspect Ratio: 1 Sparse Ratio: 0
Direction: South
----------------
Congested clusters found at Level 0
Effective congestion level: 0 Aspect Ratio: 1 Sparse Ratio: 0
Direction: East
----------------
Congested clusters found at Level 0
Effective congestion level: 0 Aspect Ratio: 1 Sparse Ratio: 0
Direction: West
----------------
Congested clusters found at Level 0
Effective congestion level: 0 Aspect Ratio: 1 Sparse Ratio: 0

Phase 8 Route finalize | Checksum: 2423a9fbb

Time (s): cpu = 00:01:19 ; elapsed = 00:01:04 . Memory (MB): peak = 1938.664 ; gain = 0.000

Phase 9 Verifying routed nets

 Verification completed successfully
Phase 9 Verifying routed nets | Checksum: 2423a9fbb

Time (s): cpu = 00:01:19 ; elapsed = 00:01:04 . Memory (MB): peak = 1938.664 ; gain = 0.000

Phase 10 Depositing Routes
Phase 10 Depositing Routes | Checksum: 22c3f78d4

Time (s): cpu = 00:01:20 ; elapsed = 00:01:04 . Memory (MB): peak = 1938.664 ; gain = 0.000

Phase 11 Post Process Routing
Phase 11 Post Process Routing | Checksum: 22c3f78d4

Time (s): cpu = 00:01:20 ; elapsed = 00:01:04 . Memory (MB): peak = 1938.664 ; gain = 0.000

Phase 12 Post Router Timing
INFO: [Route 35-57] Estimated Timing Summary | WNS=-0.729 | TNS=-4.529 | WHS=0.106  | THS=0.000  |

WARNING: [Route 35-328] Router estimated timing not met.
Resolution: For a complete and accurate timing signoff, report_timing_summary must be run after route_design. Alternatively, route_design can be run with the -timing_summary option to enable a complete timing signoff at the end of route_design.
Phase 12 Post Router Timing | Checksum: 22c3f78d4

Time (s): cpu = 00:01:20 ; elapsed = 00:01:04 . Memory (MB): peak = 1938.664 ; gain = 0.000
Total Elapsed time in route_design: 64.297 secs

Phase 13 Post-Route Event Processing
Phase 13 Post-Route Event Processing | Checksum: 11126b409

Time (s): cpu = 00:01:20 ; elapsed = 00:01:04 . Memory (MB): peak = 1938.664 ; gain = 0.000
INFO: [Route 35-16] Router Completed Successfully
Ending Routing Task | Checksum: 11126b409

Time (s): cpu = 00:01:20 ; elapsed = 00:01:04 . Memory (MB): peak = 1938.664 ; gain = 0.000

Routing Is Done.
INFO: [Common 17-83] Releasing license: Implementation
142 Infos, 1 Warnings, 0 Critical Warnings and 0 Errors encountered.
route_design completed successfully
route_design: Time (s): cpu = 00:01:20 ; elapsed = 00:01:05 . Memory (MB): peak = 1938.664 ; gain = 0.000
INFO: [Vivado 12-24828] Executing command : report_drc -file block_blast_top_drc_routed.rpt -pb block_blast_top_drc_routed.pb -rpx block_blast_top_drc_routed.rpx
Command: report_drc -file block_blast_top_drc_routed.rpt -pb block_blast_top_drc_routed.pb -rpx block_blast_top_drc_routed.rpx
INFO: [IP_Flow 19-1839] IP Catalog is up to date.
INFO: [DRC 23-27] Running DRC with 2 threads
INFO: [Vivado_Tcl 2-168] The results of DRC are in file C:/Users/aleen/block_blast_game_final/block_blast_game_final.runs/impl_1/block_blast_top_drc_routed.rpt.
report_drc completed successfully
INFO: [Vivado 12-24828] Executing command : report_methodology -file block_blast_top_methodology_drc_routed.rpt -pb block_blast_top_methodology_drc_routed.pb -rpx block_blast_top_methodology_drc_routed.rpx
Command: report_methodology -file block_blast_top_methodology_drc_routed.rpt -pb block_blast_top_methodology_drc_routed.pb -rpx block_blast_top_methodology_drc_routed.rpx
INFO: [Timing 38-35] Done setting XDC timing constraints.
INFO: [DRC 23-133] Running Methodology with 2 threads
INFO: [Vivado_Tcl 2-1520] The results of Report Methodology are in file C:/Users/aleen/block_blast_game_final/block_blast_game_final.runs/impl_1/block_blast_top_methodology_drc_routed.rpt.
report_methodology completed successfully
INFO: [Vivado 12-24828] Executing command : report_timing_summary -max_paths 10 -routable_nets -report_unconstrained -file block_blast_top_timing_summary_routed.rpt -pb block_blast_top_timing_summary_routed.pb -rpx block_blast_top_timing_summary_routed.rpx -warn_on_violation 
INFO: [Timing 38-35] Done setting XDC timing constraints.
INFO: [Timing 38-91] UpdateTimingParams: Speed grade: -1, Delay Type: min_max.
INFO: [Timing 38-191] Multithreading enabled for timing update using a maximum of 2 CPUs
CRITICAL WARNING: [Timing 38-282] The design failed to meet the timing requirements. Please see the timing summary report for details on the timing violations.
INFO: [Vivado 12-24838] Running report commands "report_incremental_reuse, report_route_status" in parallel.
Running report generation with 2 threads.
INFO: [Vivado 12-24828] Executing command : report_incremental_reuse -file block_blast_top_incremental_reuse_routed.rpt
INFO: [Vivado_Tcl 4-1062] Incremental flow is disabled. No incremental reuse Info to report.
INFO: [Vivado 12-24828] Executing command : report_route_status -file block_blast_top_route_status.rpt -pb block_blast_top_route_status.pb
INFO: [Vivado 12-24828] Executing command : report_power -file block_blast_top_power_routed.rpt -pb block_blast_top_power_summary_routed.pb -rpx block_blast_top_power_routed.rpx
Command: report_power -file block_blast_top_power_routed.rpt -pb block_blast_top_power_summary_routed.pb -rpx block_blast_top_power_routed.rpx
Running Vector-less Activity Propagation...

Finished Running Vector-less Activity Propagation
159 Infos, 1 Warnings, 1 Critical Warnings and 0 Errors encountered.
report_power completed successfully
INFO: [Vivado 12-24828] Executing command : report_clock_utilization -file block_blast_top_clock_utilization_routed.rpt
INFO: [Vivado 12-24828] Executing command : report_bus_skew -warn_on_violation -file block_blast_top_bus_skew_routed.rpt -pb block_blast_top_bus_skew_routed.pb -rpx block_blast_top_bus_skew_routed.rpx
INFO: [Timing 38-91] UpdateTimingParams: Speed grade: -1, Delay Type: min_max.
INFO: [Timing 38-191] Multithreading enabled for timing update using a maximum of 2 CPUs
generate_parallel_reports: Time (s): cpu = 00:00:09 ; elapsed = 00:00:07 . Memory (MB): peak = 1938.664 ; gain = 0.000
INFO: [Timing 38-480] Writing timing data to binary archive.
Wrote PlaceDB: Time (s): cpu = 00:00:00 ; elapsed = 00:00:00 . Memory (MB): peak = 1938.664 ; gain = 0.000
Wrote PulsedLatchDB: Time (s): cpu = 00:00:00 ; elapsed = 00:00:00 . Memory (MB): peak = 1938.664 ; gain = 0.000
Write ShapeDB Complete: Time (s): cpu = 00:00:00 ; elapsed = 00:00:00.017 . Memory (MB): peak = 1938.664 ; gain = 0.000
Writing XDEF routing.
Writing XDEF routing logical nets.
Writing XDEF routing special nets.
Wrote RouteStorage: Time (s): cpu = 00:00:00 ; elapsed = 00:00:00.085 . Memory (MB): peak = 1938.664 ; gain = 0.000
Wrote PlaceStorage: Time (s): cpu = 00:00:00 ; elapsed = 00:00:00.161 . Memory (MB): peak = 1938.664 ; gain = 0.000
Wrote Netlist Cache: Time (s): cpu = 00:00:00 ; elapsed = 00:00:00.006 . Memory (MB): peak = 1938.664 ; gain = 0.000
Wrote Device Cache: Time (s): cpu = 00:00:00 ; elapsed = 00:00:00.007 . Memory (MB): peak = 1938.664 ; gain = 0.000
Write Physdb Complete: Time (s): cpu = 00:00:00 ; elapsed = 00:00:00.279 . Memory (MB): peak = 1938.664 ; gain = 0.000
INFO: [Common 17-1381] The checkpoint 'C:/Users/aleen/block_blast_game_final/block_blast_game_final.runs/impl_1/block_blast_top_routed.dcp' has been generated.
Command: write_bitstream -force block_blast_top.bit
Attempting to get a license for feature 'Implementation' and/or device 'xc7a100t'
INFO: [Common 17-349] Got license for feature 'Implementation' and/or device 'xc7a100t'
Running DRC as a precondition to command write_bitstream
INFO: [IP_Flow 19-1839] IP Catalog is up to date.
INFO: [DRC 23-27] Running DRC with 2 threads
INFO: [Vivado 12-3199] DRC finished with 0 Errors
INFO: [Vivado 12-3200] Please refer to the DRC report (report_drc) for more information.
Integrating Hard IP ELF/MEM with the PDI.
INFO: [Designutils 20-2272] Running write_bitstream with 2 threads.
Loading data files...
Loading site data...
Loading route data...
Processing options...
Creating bitmap...
Creating bitstream...
Writing bitstream ./block_blast_top.bit...
INFO: [Vivado 12-1842] Bitgen Completed Successfully.
INFO: [Common 17-83] Releasing license: Implementation
173 Infos, 1 Warnings, 1 Critical Warnings and 0 Errors encountered.
write_bitstream completed successfully
write_bitstream: Time (s): cpu = 00:00:18 ; elapsed = 00:00:15 . Memory (MB): peak = 2246.234 ; gain = 307.570
INFO: [Common 17-206] Exiting Vivado at Tue Apr 28 12:39:15 2026...
